// Jest Snapshot v1, https://goo.gl/fbAQLP

exports[`Image should render correctly 1`] = `
<WithStyles(ForwardRef(Grid))
  container={true}
  justify="center"
>
  <Mandala
    isShareable={true}
    selectedPlants={Array []}
  />
</WithStyles(ForwardRef(Grid))>
`;
