// Jest Snapshot v1, https://goo.gl/fbAQLP

exports[`Header should render correctly 1`] = `
<div>
  <WithStyles(ForwardRef(AppBar))
    className="makeStyles-header-1"
    position="relative"
  >
    <WithStyles(ForwardRef(Toolbar))>
      <img
        alt="Plantala logo"
        className="makeStyles-icon-2"
        onClick={[Function]}
        src="logo.webp"
      />
      <WithStyles(ForwardRef(Typography))
        className="makeStyles-title-3"
        variant="h2"
      >
        Plantala
      </WithStyles(ForwardRef(Typography))>
      <WithStyles(ForwardRef(IconButton))
        aria-label="play music"
        onClick={[Function]}
      >
        <VolumeOffIcon />
      </WithStyles(ForwardRef(IconButton))>
      <WithStyles(ForwardRef(IconButton))
        aria-label="invert color"
        onClick={[Function]}
      >
        <InvertColorsIcon />
      </WithStyles(ForwardRef(IconButton))>
      <WithStyles(ForwardRef(IconButton))
        aria-label="about"
        onClick={[Function]}
      >
        <InfoIcon />
      </WithStyles(ForwardRef(IconButton))>
    </WithStyles(ForwardRef(Toolbar))>
  </WithStyles(ForwardRef(AppBar))>
</div>
`;
