// Jest Snapshot v1, https://goo.gl/fbAQLP

exports[`LazyCardMedia should render correctly 1`] = `
<div
  className="classes.plantMedia"
/>
`;
