// Jest Snapshot v1, https://goo.gl/fbAQLP

exports[`PlantList should render correctly 1`] = `
<WithStyles(ForwardRef(Grid))
  container={true}
  justify="center"
  spacing={4}
/>
`;
