// Jest Snapshot v1, https://goo.gl/fbAQLP

exports[`Header should render correctly 1`] = `
<div
  className="plant"
>
  <WithStyles(ForwardRef(Typography))
    variant="h2"
  />
</div>
`;
